../Core/Src/bootloader.c:40:6:BL_voidHandle_GetVersion_CMD	32	static
../Core/Src/bootloader.c:68:6:BL_voidHandle_GetHelp_CMD	40	static
../Core/Src/bootloader.c:110:6:BL_voidHandle_GetChipID_CMD	32	static
../Core/Src/bootloader.c:142:6:BL_voidHandle_GetRDPStatus_CMD	32	static
../Core/Src/bootloader.c:172:6:BL_voidHandle_GoToAddress_CMD	40	static
../Core/Src/bootloader.c:223:6:BL_voidHandle_FlashErase_CMD	32	static
../Core/Src/bootloader.c:284:6:BL_voidHandle_MemoryWrite_CMD	32	static
../Core/Src/bootloader.c:324:6:BL_voidHandle_EnableRWProtect_CMD	32	static
../Core/Src/bootloader.c:374:6:BL_voidHandle_MemoryRead_CMD	16	static
../Core/Src/bootloader.c:377:6:BL_voidHandle_ReadSectorStatus_CMD	16	static
../Core/Src/bootloader.c:380:6:BL_voidHandle_OTPRead_CMD	16	static
../Core/Src/bootloader.c:383:6:BL_voidHandle_DisableRWProtect_CMD	16	static
../Core/Src/bootloader.c:402:14:u8VerifyCRC	40	static
../Core/Src/bootloader.c:427:13:voidSendAck	24	static
../Core/Src/bootloader.c:440:13:voidSendNotAck	16	static
../Core/Src/bootloader.c:456:28:ValidateAddress	24	static
../Core/Src/bootloader.c:472:26:u8Execute_FlashErase	48	static
../Core/Src/bootloader.c:522:14:u8Execute_MemoryWrite	40	static
../Core/Src/bootloader.c:555:13:voidSet_EraseFlag	16	static
../Core/Src/bootloader.c:570:23:VerfiyErase_Flag	16	static
