../Core/Src/main.c:73:5:main	8	static
../Core/Src/main.c:132:6:SystemClock_Config	88	static
../Core/Src/main.c:180:13:MX_CRC_Init	8	static
../Core/Src/main.c:206:13:MX_USART2_UART_Init	8	static
../Core/Src/main.c:239:13:MX_USART3_UART_Init	8	static
../Core/Src/main.c:272:13:MX_GPIO_Init	48	static
../Core/Src/main.c:308:6:Bootloader_UartReadData	264	static
../Core/Src/main.c:358:6:Bootloader_JumpToApp	24	static,ignoring_inline_asm
../Core/Src/main.c:393:6:Error_Handler	4	static,ignoring_inline_asm
